// Jest Snapshot v1, https://goo.gl/fbAQLP

exports[`documents a basic documented component 1`] = `
"## DocumentedComponent Component
component

### Properties

| Property | Description | Format | Default Value | Required | Details |
| ---- | ---- | ---- | ---- | ---- | ---- |
| **test** | any | any |  | No |  |
| **test2** | array | array |  | No |  |
| **test3** | arrayOf | [number] |  | No |  |
| **test4** | bool | boolean |  | No |  |
| **test5** | custom | XXX-XX-XXXX |  | No |  |
| **test6** | element | element |  | No |  |
| **test7** | func | function |  | No |  |
| **test8** | instanceOf | new FakeComponent(...) |  | No |  |
| **test9** | node | node |  | No |  |
| **test10** | number | number |  | No |  |
| **test11** | object | object |  | No |  |
| **test12** | objectOf | { test: number, ... } |  | No |  |
| **test13** | oneOf | News<br/>Photos |  | No |  |
| **test14** | oneOfType | number<br/>string |  | No |  |
| **test15** | symbol | symbol |  | No |  |
| **test16** | shape | {<br/>  color: string,<br/>  fontSize: number,<br/>  one: <br/>    string<br/>    number<br/>    new FakeComponent(...)<br/>    custom,<br/>  test: new FakeComponent(...),<br/>  test2: <br/>    {<br/>      test3: string,<br/>      test4: <br/>        {<br/>          test5: string,<br/>          test6: number,<br/>          test7: custom,<br/>          test8: [string]<br/>        }<br/>    }<br/>} |  | No |  |
| **testRequired** | testRequired | string |  | Yes |  |
| **~~testDeprecated~~** | testDeprecated | string |  | No | **Deprecated**: use something else |
| **testExtra** | testExtra | string | abc | No |  |"
`;

exports[`documents a deprecated documented component 1`] = `
"## ~~DeprecatedComponent~~ Component
### Deprecated: use button instead
component"
`;

exports[`documents an extra info documented component 1`] = `
"## ExtraInfoComponent Component
component

### Properties

| Property | Description | Format | Default Value | Required | Details |
| ---- | ---- | ---- | ---- | ---- | ---- |
| **test** | test | string | abc | No |  |"
`;

exports[`documents empty doc for component without reactDesc 1`] = `"## FakeComponent Component"`;

exports[`documents empty propType doc for component 1`] = `
"## NoPropTypeComponent Component
noPropType"
`;
