exports[`test documents a basic documented component 1`] = `
Object {
  "description": "component",
  "name": "DocumentedComponent",
  "properties": Array [
    Object {
      "description": "any",
      "format": "any",
      "name": "test",
    },
    Object {
      "description": "array",
      "format": "array",
      "name": "test2",
    },
    Object {
      "description": "arrayOf",
      "format": "[number, ...]",
      "name": "test3",
    },
    Object {
      "description": "bool",
      "format": "boolean",
      "name": "test4",
    },
    Object {
      "description": "custom",
      "format": "XXX-XX-XXXX",
      "name": "test5",
    },
    Object {
      "description": "element",
      "format": "element",
      "name": "test6",
    },
    Object {
      "description": "func",
      "format": "function",
      "name": "test7",
    },
    Object {
      "description": "instanceOf",
      "format": "new FakeComponent(...)",
      "name": "test8",
    },
    Object {
      "description": "node",
      "format": "node",
      "name": "test9",
    },
    Object {
      "description": "number",
      "format": "number",
      "name": "test10",
    },
    Object {
      "description": "object",
      "format": "object",
      "name": "test11",
    },
    Object {
      "description": "objectOf",
      "format": "{ test: number, ... }",
      "name": "test12",
    },
    Object {
      "description": "oneOf",
      "format": "News&#124;Photos",
      "name": "test13",
    },
    Object {
      "description": "oneOfType",
      "format": "number&#124;string",
      "name": "test14",
    },
    Object {
      "description": "symbol",
      "format": "symbol",
      "name": "test15",
    },
    Object {
      "description": "shape",
      "format": "{\"color\":\"string\",\"fontSize\":\"number\",\"one\":\"string&#124;number&#124;new FakeComponent(...)&#124;custom\",\"test\":\"new FakeComponent(...)\",\"test2\":{\"test3\":\"string\",\"test4\":{\"test5\":\"string\",\"test6\":\"number\",\"test7\":\"custom\",\"test8\":\"[string, ...]\"}}}",
      "name": "test16",
    },
    Object {
      "description": "testRequired",
      "format": "string",
      "name": "testRequired",
      "required": true,
    },
    Object {
      "deprecated": "use something else",
      "description": "testDeprecated",
      "format": "string",
      "name": "testDeprecated",
    },
    Object {
      "defaultValue": "abc",
      "description": "testExtra",
      "extras": Object {
        "usage": "test5 = \"abc\"",
      },
      "format": "string",
      "name": "testExtra",
    },
  ],
}
`;

exports[`test documents a deprecated documented component 1`] = `
Object {
  "deprecated": "use button instead",
  "description": "component",
  "name": "DeprecatedComponent",
}
`;

exports[`test documents an extra info documented component 1`] = `
Object {
  "description": "component",
  "extras": Object {
    "usage": "import component  from \"grommet/components/Anchor\"",
  },
  "name": "ExtraInfoComponent",
  "properties": Array [
    Object {
      "defaultValue": "abc",
      "description": "test",
      "format": "string",
      "name": "test",
    },
  ],
}
`;

exports[`test documents empty doc for component without reactDesc 1`] = `
Object {
  "name": "FakeComponent",
}
`;

exports[`test documents empty propType doc for component 1`] = `
Object {
  "description": "noPropType",
  "name": "NoPropTypeComponent",
}
`;
